// Jest Snapshot v1, https://goo.gl/fbAQLP

exports[`addTask 1`] = `
Object {
  "payload": "Laundry day",
  "type": "ADD_TASK",
}
`;

exports[`deleteTask 1`] = `
Object {
  "payload": undefined,
  "type": "DELETE_TASK",
}
`;
